PASS s1-w1280-select-options 
PASS s1-w1280-grid-shown 
PASS s1-w1280-cell-testid 
PASS s1-w1280-cell-t2-1900 
PASS s1-w1280-floor-plan 
PASS s1-w1280-plan-capacity 
shot w1280-light-search-results
shot w1280-dark-search-results
PASS s1-w1280-no-hscroll 
PASS s1-w1280-no-slots 
shot w1280-light-no-slots
PASS s1-w1280-party5-unavailable 
shot w1280-light-zero-available
PASS s1-w1280-search-error 
shot w1280-light-search-error
PASS s1-w1280-signedout-click-refused 
shot w1280-light-signedout-refused
PASS s1-w1280-unavailable-click-inert 
PASS s1-w375-select-options 
PASS s1-w375-grid-shown 
PASS s1-w375-cell-testid 
PASS s1-w375-cell-t2-1900 
PASS s1-w375-floor-plan 
PASS s1-w375-plan-capacity 
shot w375-light-search-results
shot w375-dark-search-results
PASS s1-w375-no-hscroll 
PASS s1-w375-no-slots 
shot w375-light-no-slots
PASS s1-w375-party5-unavailable 
shot w375-light-zero-available
PASS s1-w375-search-error 
shot w375-light-search-error
PASS s1-w375-signedout-click-refused 
shot w375-light-signedout-refused
PASS s1-w375-unavailable-click-inert 
PASS s2-signup-shortpw-auth-error 
shot 1280-light-signup-error
PASS s2-signup-current-user 
shot 1280-light-signedup-home
PASS s2-logout-clears-user 
PASS s3-login-wrong-pw-diner-copy 
PASS s3-login-wrong-pw-no-jargon 
shot 375-light-login-error
PASS s3-login-unknown-email-same-copy 
PASS s3-login-network-not-credential 
PASS s3-login-current-user 
PASS s3-valid-login-clears-error 
PASS s3-current-user-on-/ 
PASS s3-current-user-on-/lookup 
shot 375-dark-home-signedin
shot 375-dark-lookup-signedin
PASS s4-grid-shows-B 
shot 1280-light-search-race-B
PASS s4-late-A-not-restored 
PASS s4-cells-still-B-truth 
PASS s5-summary-table-label-time 
PASS s5-party-prefilled 
PASS s5-plan-selected 
shot 1280-light-booking-form
PASS s5-confirmation-reference-exact 
PASS s5-confirmation-details 
shot 1280-light-confirmation
PASS s5-resubmit-same-reference 
PASS s5-resubmit-no-error 
PASS s5-resubmit-one-booking 
PASS s5-changed-field-new-request 
PASS s5-second-selection-books 
PASS s6-booking-error-shown 
PASS s6-no-confirmation 
PASS s6-form-still-there 
PASS s6-party-preserved 
PASS s6-selection-preserved 
PASS s6-availability-refreshed 
shot 375-light-booking-409
PASS s7-uncertain-nonempty 
PASS s7-no-booking-error 
PASS s7-no-confirmation 
shot 375-light-booking-uncertain
PASS s7-server-committed 
PASS s7-retry-original-reference 
PASS s7-uncertainty-cleared 
PASS s7-error-cleared 
shot 375-light-booking-recovered
PASS s8-pending-committed 
PASS s8-import-204 
PASS s8-upgraded-retry-original-reference 
PASS s8-uncertainty-cleared 
PASS s8-B-has-exactly-original 
shot 1280-light-booking-upgrade-recovered
PASS s9-lookup-unknown-error 
shot 375-light-lookup-error
PASS s9-status-confirmed-exact 
PASS s9-cutoff-refused-error 
PASS s9-still-confirmed-after-refusal 
PASS s9-cancel-button-still-there 
shot 375-light-lookup-cutoff-refused
PASS s9-cancelled-exact 
PASS s9-cancel-button-gone 
shot 375-light-lookup-cancelled
PASS s10-reduced-motion-full-flow 
PASS s10-no-off-origin-requests 
PASS s10-theme-system-control 

RESULT pass=76 fail=0 shots=27
