$ docker run --rm --network df-run-b993fe8921624c0a81c691ba8d8169d0 -v /home/nryn/work/dark-factory-wearedevs:/work:ro -v /home/nryn/work/seatright/runs/tablekeeper2/evidence/seatright-zcode/S4-R1/checks:/out -e PYTHONDONTWRITEBYTECODE=1 -e PYTEST_DISABLE_PLUGIN_AUTOLOAD=1 -e COLUMNS=200 -w /work df-harness-runner python -m pytest tablekeeper/test/stage_2 --base-url http://df-svc-018ca44ee2cb:8080 -p harness.plugin --rootdir tablekeeper/test -q --previous-base-url http://df-svc-0e4c737d331e:8080 --harness-summary /out/stage-2.counts.json

FF...F..F.......F........                                                                                                                                                                        [100%]
=============================================================================================== FAILURES ===============================================================================================
_________________________________________________________________________ test_routes_are_directly_navigable[/-search-button] __________________________________________________________________________

[REDACTED: inline credential, token, hash or request header]
page = <Page url='about:blank'>, route = '/', anchor = 'search-button'

    @pytest.mark.parametrize("route,anchor", [
        ("/", "search-button"), ("/signup", "signup-submit"),
        ("/login", "login-submit"), ("/lookup", "lookup-submit"),
    ])
    def test_routes_are_directly_navigable(seeded, page, route, anchor):
>       page.goto(route)

tablekeeper/test/stage_2/test_sample.py:50: 
_ _ _ _ _ _ _ _ _ _ _ _ _ _ _ _ _ _ _ _ _ _ _ _ _ _ _ _ _ _ _ _ _ _ _ _ _ _ _ _ _ _ _ _ _ _ _ _ _ _ _ _ _ _ _ _ _ _ _ _ _ _ _ _ _ _ _ _ _ _ _ _ _ _ _ _ _ _ _ _ _ _ _ _ _ _ _ _ _ _ _ _ _ _ _ _ _ _ _ _ 
/usr/local/lib/python3.12/site-packages/playwright/sync_api/_generated.py:9903: in goto
    self._sync(
/usr/local/lib/python3.12/site-packages/playwright/_impl/_page.py:562: in goto
    return await self._main_frame.goto(**locals_to_params(locals()))
           ^^^^^^^^^^^^^^^^^^^^^^^^^^^^^^^^^^^^^^^^^^^^^^^^^^^^^^^^^
/usr/local/lib/python3.12/site-packages/playwright/_impl/_frame.py:157: in goto
    await self._channel.send(
/usr/local/lib/python3.12/site-packages/playwright/_impl/_connection.py:76: in send
    return await self._connection.wrap_api_call(
_ _ _ _ _ _ _ _ _ _ _ _ _ _ _ _ _ _ _ _ _ _ _ _ _ _ _ _ _ _ _ _ _ _ _ _ _ _ _ _ _ _ _ _ _ _ _ _ _ _ _ _ _ _ _ _ _ _ _ _ _ _ _ _ _ _ _ _ _ _ _ _ _ _ _ _ _ _ _ _ _ _ _ _ _ _ _ _ _ _ _ _ _ _ _ _ _ _ _ _ 

self = <playwright._impl._connection.Connection object at 0x7fa202a1f620>, cb = <function Channel.send.<locals>.<lambda> at 0x7fa202827600>, is_internal = False, title = None

    async def wrap_api_call(
        self, cb: Callable[[], Any], is_internal: bool = False, title: str = None
    ) -> Any:
        if self._api_zone.get():
            return await cb()
        task = asyncio.current_task(self._loop)
        parsed_st = _attach_api_call_information(
            getattr(task, "__pw_stack__", None) or _capture_stack_trace(),
            is_internal,
            title,
        )
        self._api_zone.set(parsed_st)
        try:
            return await cb()
        except Exception as error:
>           raise rewrite_error(error, f"{parsed_st['apiName']}: {error}") from None
E           playwright._impl._errors.TimeoutError: Page.goto: Timeout 10000ms exceeded.
E           Call log:
E             - navigating to "http://df-svc-018ca44ee2cb:8080/", waiting until "load"

/usr/local/lib/python3.12/site-packages/playwright/_impl/_connection.py:632: TimeoutError
______________________________________________________________________ test_routes_are_directly_navigable[/signup-signup-submit] _______________________________________________________________________

[REDACTED: inline credential, token, hash or request header]
page = <Page url='http://df-svc-018ca44ee2cb:8080/signup'>, route = '/signup', anchor = 'signup-submit'

    @pytest.mark.parametrize("route,anchor", [
        ("/", "search-button"), ("/signup", "signup-submit"),
        ("/login", "login-submit"), ("/lookup", "lookup-submit"),
    ])
    def test_routes_are_directly_navigable(seeded, page, route, anchor):
        page.goto(route)
>       page.wait_for_selector(sel(anchor), state="attached")

tablekeeper/test/stage_2/test_sample.py:51: 
_ _ _ _ _ _ _ _ _ _ _ _ _ _ _ _ _ _ _ _ _ _ _ _ _ _ _ _ _ _ _ _ _ _ _ _ _ _ _ _ _ _ _ _ _ _ _ _ _ _ _ _ _ _ _ _ _ _ _ _ _ _ _ _ _ _ _ _ _ _ _ _ _ _ _ _ _ _ _ _ _ _ _ _ _ _ _ _ _ _ _ _ _ _ _ _ _ _ _ _ 
/usr/local/lib/python3.12/site-packages/playwright/sync_api/_generated.py:9061: in wait_for_selector
    self._sync(
/usr/local/lib/python3.12/site-packages/playwright/_impl/_page.py:429: in wait_for_selector
    return await self._main_frame.wait_for_selector(**locals_to_params(locals()))
           ^^^^^^^^^^^^^^^^^^^^^^^^^^^^^^^^^^^^^^^^^^^^^^^^^^^^^^^^^^^^^^^^^^^^^^
/usr/local/lib/python3.12/site-packages/playwright/_impl/_frame.py:395: in wait_for_selector
    await self._channel.send(
/usr/local/lib/python3.12/site-packages/playwright/_impl/_connection.py:76: in send
    return await self._connection.wrap_api_call(
_ _ _ _ _ _ _ _ _ _ _ _ _ _ _ _ _ _ _ _ _ _ _ _ _ _ _ _ _ _ _ _ _ _ _ _ _ _ _ _ _ _ _ _ _ _ _ _ _ _ _ _ _ _ _ _ _ _ _ _ _ _ _ _ _ _ _ _ _ _ _ _ _ _ _ _ _ _ _ _ _ _ _ _ _ _ _ _ _ _ _ _ _ _ _ _ _ _ _ _ 

self = <playwright._impl._connection.Connection object at 0x7fa202a1f620>, cb = <function Channel.send.<locals>.<lambda> at 0x7fa20218aac0>, is_internal = False, title = None

    async def wrap_api_call(
        self, cb: Callable[[], Any], is_internal: bool = False, title: str = None
    ) -> Any:
        if self._api_zone.get():
            return await cb()
        task = asyncio.current_task(self._loop)
        parsed_st = _attach_api_call_information(
            getattr(task, "__pw_stack__", None) or _capture_stack_trace(),
            is_internal,
            title,
        )
        self._api_zone.set(parsed_st)
        try:
            return await cb()
        except Exception as error:
>           raise rewrite_error(error, f"{parsed_st['apiName']}: {error}") from None
E           playwright._impl._errors.TimeoutError: Page.wait_for_selector: Timeout 10000ms exceeded.
E           Call log:
E             - waiting for locator("[data-testid='signup-submit']")

/usr/local/lib/python3.12/site-packages/playwright/_impl/_connection.py:632: TimeoutError
--------------------------------------------------------------------------------------- Captured stderr teardown ---------------------------------------------------------------------------------------
(node:7) TimeoutNegativeWarning: -2048.789000000019 is a negative number.
Timeout duration was set to 1.
(Use `node --trace-warnings ...` to show where the warning was created)
_______________________________________________________________________________ test_booking_flow_reaches_a_confirmation _______________________________________________________________________________

[REDACTED: inline credential, token, hash or request header]
page = <Page url='http://df-svc-018ca44ee2cb:8080/'>

    def test_booking_flow_reaches_a_confirmation(seeded, page):
        log_in(page)
>       search(page, party_size=4)

tablekeeper/test/stage_2/test_sample.py:64: 
_ _ _ _ _ _ _ _ _ _ _ _ _ _ _ _ _ _ _ _ _ _ _ _ _ _ _ _ _ _ _ _ _ _ _ _ _ _ _ _ _ _ _ _ _ _ _ _ _ _ _ _ _ _ _ _ _ _ _ _ _ _ _ _ _ _ _ _ _ _ _ _ _ _ _ _ _ _ _ _ _ _ _ _ _ _ _ _ _ _ _ _ _ _ _ _ _ _ _ _ 
tablekeeper/test/stage_2/test_sample.py:38: in search
    page.select_option(sel("restaurant-select"), restaurant)
/usr/local/lib/python3.12/site-packages/playwright/sync_api/_generated.py:12333: in select_option
    self._sync(
/usr/local/lib/python3.12/site-packages/playwright/_impl/_page.py:1075: in select_option
    return await self._main_frame.select_option(**params)
           ^^^^^^^^^^^^^^^^^^^^^^^^^^^^^^^^^^^^^^^^^^^^^^
/usr/local/lib/python3.12/site-packages/playwright/_impl/_frame.py:815: in select_option
    return await self._channel.send("selectOption", self._timeout, params)
           ^^^^^^^^^^^^^^^^^^^^^^^^^^^^^^^^^^^^^^^^^^^^^^^^^^^^^^^^^^^^^^^
/usr/local/lib/python3.12/site-packages/playwright/_impl/_connection.py:76: in send
    return await self._connection.wrap_api_call(
_ _ _ _ _ _ _ _ _ _ _ _ _ _ _ _ _ _ _ _ _ _ _ _ _ _ _ _ _ _ _ _ _ _ _ _ _ _ _ _ _ _ _ _ _ _ _ _ _ _ _ _ _ _ _ _ _ _ _ _ _ _ _ _ _ _ _ _ _ _ _ _ _ _ _ _ _ _ _ _ _ _ _ _ _ _ _ _ _ _ _ _ _ _ _ _ _ _ _ _ 

self = <playwright._impl._connection.Connection object at 0x7fa202a1f620>, cb = <function Channel.send.<locals>.<lambda> at 0x7fa20218b060>, is_internal = False, title = None

    async def wrap_api_call(
        self, cb: Callable[[], Any], is_internal: bool = False, title: str = None
    ) -> Any:
        if self._api_zone.get():
            return await cb()
        task = asyncio.current_task(self._loop)
        parsed_st = _attach_api_call_information(
            getattr(task, "__pw_stack__", None) or _capture_stack_trace(),
            is_internal,
            title,
        )
        self._api_zone.set(parsed_st)
        try:
            return await cb()
        except Exception as error:
>           raise rewrite_error(error, f"{parsed_st['apiName']}: {error}") from None
E           playwright._impl._errors.TimeoutError: Page.select_option: Timeout 10000ms exceeded.
E           Call log:
E             - waiting for locator("[data-testid='restaurant-select']")

/usr/local/lib/python3.12/site-packages/playwright/_impl/_connection.py:632: TimeoutError
_______________________________________________________________________________________ test_signup_signs_you_in _______________________________________________________________________________________

[REDACTED: inline credential, token, hash or request header]
page = <Page url='http://df-svc-018ca44ee2cb:8080/signup'>

    def test_signup_signs_you_in(seeded, page):
>       sign_up(page, name="Dee")

tablekeeper/test/stage_2/test_ui.py:56: 
_ _ _ _ _ _ _ _ _ _ _ _ _ _ _ _ _ _ _ _ _ _ _ _ _ _ _ _ _ _ _ _ _ _ _ _ _ _ _ _ _ _ _ _ _ _ _ _ _ _ _ _ _ _ _ _ _ _ _ _ _ _ _ _ _ _ _ _ _ _ _ _ _ _ _ _ _ _ _ _ _ _ _ _ _ _ _ _ _ _ _ _ _ _ _ _ _ _ _ _ 
tablekeeper/test/stage_2/test_ui.py:27: in sign_up
    page.fill(sel("signup-display-name"), name)
/usr/local/lib/python3.12/site-packages/playwright/sync_api/_generated.py:11332: in fill
    self._sync(
/usr/local/lib/python3.12/site-packages/playwright/_impl/_page.py:930: in fill
    return await self._main_frame.fill(**locals_to_params(locals()))
           ^^^^^^^^^^^^^^^^^^^^^^^^^^^^^^^^^^^^^^^^^^^^^^^^^^^^^^^^^
/usr/local/lib/python3.12/site-packages/playwright/_impl/_frame.py:637: in fill
    await self._fill(**locals_to_params(locals()))
/usr/local/lib/python3.12/site-packages/playwright/_impl/_frame.py:649: in _fill
    await self._channel.send("fill", self._timeout, locals_to_params(locals()))
/usr/local/lib/python3.12/site-packages/playwright/_impl/_connection.py:76: in send
    return await self._connection.wrap_api_call(
_ _ _ _ _ _ _ _ _ _ _ _ _ _ _ _ _ _ _ _ _ _ _ _ _ _ _ _ _ _ _ _ _ _ _ _ _ _ _ _ _ _ _ _ _ _ _ _ _ _ _ _ _ _ _ _ _ _ _ _ _ _ _ _ _ _ _ _ _ _ _ _ _ _ _ _ _ _ _ _ _ _ _ _ _ _ _ _ _ _ _ _ _ _ _ _ _ _ _ _ 

self = <playwright._impl._connection.Connection object at 0x7fa202a1f620>, cb = <function Channel.send.<locals>.<lambda> at 0x7fa201e13f60>, is_internal = False, title = None

    async def wrap_api_call(
        self, cb: Callable[[], Any], is_internal: bool = False, title: str = None
    ) -> Any:
        if self._api_zone.get():
            return await cb()
        task = asyncio.current_task(self._loop)
        parsed_st = _attach_api_call_information(
            getattr(task, "__pw_stack__", None) or _capture_stack_trace(),
            is_internal,
            title,
        )
        self._api_zone.set(parsed_st)
        try:
            return await cb()
        except Exception as error:
>           raise rewrite_error(error, f"{parsed_st['apiName']}: {error}") from None
E           playwright._impl._errors.TimeoutError: Page.fill: Timeout 10000ms exceeded.
E           Call log:
E             - waiting for locator("[data-testid='signup-display-name']")
E               - locator resolved to <input type="text" name="display-name" autocomplete="name" placeholder="Your name" id="signup-display-name" data-testid="signup-display-name"/>
E               - fill("Dee")
E             - attempting fill action
E               - waiting for element to be visible, enabled and editable

/usr/local/lib/python3.12/site-packages/playwright/_impl/_connection.py:632: TimeoutError
_________________________________________________________________________ test_a_booked_slot_is_unavailable_on_the_next_search _________________________________________________________________________

[REDACTED: inline credential, token, hash or request header]
page = <Page url='http://df-svc-018ca44ee2cb:8080/'>

    def test_a_booked_slot_is_unavailable_on_the_next_search(seeded, page):
        log_in(page)
>       search(page, party_size=4)

tablekeeper/test/stage_2/test_ui.py:118: 
_ _ _ _ _ _ _ _ _ _ _ _ _ _ _ _ _ _ _ _ _ _ _ _ _ _ _ _ _ _ _ _ _ _ _ _ _ _ _ _ _ _ _ _ _ _ _ _ _ _ _ _ _ _ _ _ _ _ _ _ _ _ _ _ _ _ _ _ _ _ _ _ _ _ _ _ _ _ _ _ _ _ _ _ _ _ _ _ _ _ _ _ _ _ _ _ _ _ _ _ 
tablekeeper/test/stage_2/test_ui.py:49: in search
    page.wait_for_selector(f"{sel('availability-grid')}, {sel('no-slots')}")
/usr/local/lib/python3.12/site-packages/playwright/sync_api/_generated.py:9061: in wait_for_selector
    self._sync(
/usr/local/lib/python3.12/site-packages/playwright/_impl/_page.py:429: in wait_for_selector
    return await self._main_frame.wait_for_selector(**locals_to_params(locals()))
           ^^^^^^^^^^^^^^^^^^^^^^^^^^^^^^^^^^^^^^^^^^^^^^^^^^^^^^^^^^^^^^^^^^^^^^
/usr/local/lib/python3.12/site-packages/playwright/_impl/_frame.py:395: in wait_for_selector
    await self._channel.send(
/usr/local/lib/python3.12/site-packages/playwright/_impl/_connection.py:76: in send
    return await self._connection.wrap_api_call(
_ _ _ _ _ _ _ _ _ _ _ _ _ _ _ _ _ _ _ _ _ _ _ _ _ _ _ _ _ _ _ _ _ _ _ _ _ _ _ _ _ _ _ _ _ _ _ _ _ _ _ _ _ _ _ _ _ _ _ _ _ _ _ _ _ _ _ _ _ _ _ _ _ _ _ _ _ _ _ _ _ _ _ _ _ _ _ _ _ _ _ _ _ _ _ _ _ _ _ _ 

self = <playwright._impl._connection.Connection object at 0x7fa202a1f620>, cb = <function Channel.send.<locals>.<lambda> at 0x7fa201e11760>, is_internal = False, title = None

    async def wrap_api_call(
        self, cb: Callable[[], Any], is_internal: bool = False, title: str = None
    ) -> Any:
        if self._api_zone.get():
            return await cb()
        task = asyncio.current_task(self._loop)
        parsed_st = _attach_api_call_information(
            getattr(task, "__pw_stack__", None) or _capture_stack_trace(),
            is_internal,
            title,
        )
        self._api_zone.set(parsed_st)
        try:
            return await cb()
        except Exception as error:
>           raise rewrite_error(error, f"{parsed_st['apiName']}: {error}") from None
E           playwright._impl._errors.TimeoutError: Page.wait_for_selector: Timeout 10000ms exceeded.
E           Call log:
E             - waiting for locator("[data-testid='availability-grid'], [data-testid='no-slots']") to be visible

/usr/local/lib/python3.12/site-packages/playwright/_impl/_connection.py:632: TimeoutError
=========================================================================================== warnings summary ===========================================================================================
../usr/local/lib/python3.12/site-packages/_pytest/cacheprovider.py:469
  /usr/local/lib/python3.12/site-packages/_pytest/cacheprovider.py:469: PytestCacheWarning: could not create cache path /work/tablekeeper/test/.pytest_cache/v/cache/nodeids: [Errno 30] Read-only file system: '/work/tablekeeper/test/pytest-cache-files-b_eb628g'
    config.cache.set("cache/nodeids", sorted(self.cached_nodeids))

../usr/local/lib/python3.12/site-packages/_pytest/cacheprovider.py:423
  /usr/local/lib/python3.12/site-packages/_pytest/cacheprovider.py:423: PytestCacheWarning: could not create cache path /work/tablekeeper/test/.pytest_cache/v/cache/lastfailed: [Errno 30] Read-only file system: '/work/tablekeeper/test/pytest-cache-files-5vrerfan'
    config.cache.set("cache/lastfailed", self.lastfailed)

-- Docs: https://docs.pytest.org/en/stable/how-to/capture-warnings.html
======================================================================================= short test summary info ========================================================================================
FAILED tablekeeper/test/stage_2/test_sample.py::test_routes_are_directly_navigable[/-search-button] - playwright._impl._errors.TimeoutError: Page.goto: Timeout 10000ms exceeded.
FAILED tablekeeper/test/stage_2/test_sample.py::test_routes_are_directly_navigable[/signup-signup-submit] - playwright._impl._errors.TimeoutError: Page.wait_for_selector: Timeout 10000ms exceeded.
FAILED tablekeeper/test/stage_2/test_sample.py::test_booking_flow_reaches_a_confirmation - playwright._impl._errors.TimeoutError: Page.select_option: Timeout 10000ms exceeded.
FAILED tablekeeper/test/stage_2/test_ui.py::test_signup_signs_you_in - playwright._impl._errors.TimeoutError: Page.fill: Timeout 10000ms exceeded.
FAILED tablekeeper/test/stage_2/test_ui.py::test_a_booked_slot_is_unavailable_on_the_next_search - playwright._impl._errors.TimeoutError: Page.wait_for_selector: Timeout 10000ms exceeded.
5 failed, 20 passed, 2 warnings in 518.05s (0:08:38)

