UI GATES 2026-10-05T10:35:46Z node v26.10.0
$ npm ci

added 117 packages in 14s
ci_exit=0
$ npm run check
Loading svelte-check in workspace: /home/nryn/work/seatright/runs/tablekeeper2/evidence/seatright-zcode/S3-R1/staging/stage-3/web
Getting Svelte diagnostics...

svelte-check found 0 errors and 0 warnings
check_exit=0
$ npm test
 [32m✓[39m src/test/login-copy.test.ts [2m([22m[2m4 tests[22m[2m)[22m[32m 207[2mms[22m[39m
 [32m✓[39m src/test/pair-badge.test.ts [2m([22m[2m4 tests[22m[2m)[22m[32m 291[2mms[22m[39m
 [32m✓[39m src/test/dense-grid.test.ts [2m([22m[2m2 tests[22m[2m)[22m[33m 3915[2mms[22m[39m
   [32m✓[39m dense availability grids [2m(2)[22m
     [33m[2m✓[22m[39m renders every returned 15-minute slot[33m 525[2mms[22m[39m
     [33m[2m✓[22m[39m renders every returned 5-minute slot[33m 3341[2mms[22m[39m
 [32m✓[39m src/test/a11y.test.ts [2m([22m[2m2 tests[22m[2m)[22m[33m 16390[2mms[22m[39m
   [32m✓[39m accessibility gate [2m(2)[22m
     [33m[2m✓[22m[39m passes the search presentations in light and dark[33m 12755[2mms[22m[39m
     [33m[2m✓[22m[39m passes signup, login and lookup in light and dark[33m 3626[2mms[22m[39m

[2m Test Files [22m [1m[32m14 passed[39m[22m[90m (14)[39m
[2m      Tests [22m [1m[32m90 passed[39m[22m[90m (90)[39m
[2m   Start at [22m 10:36:31
[2m   Duration [22m 104.29s[2m (environment 46%, tests 45%, transform 5%, import 4%)[22m

[2mEnvironment [22m [33mjsdom was created 14 times[39m[2m · 43.78s total, 46% of tracked time[22m
[2m            [22m [2mcreate it once per worker with [22m[33mpool: 'vmThreads'[39m[2m (keeps per-file isolation) or [22m[33misolate: false[39m[2m (shares it across files)[22m
[2m            [22m [2mlearn more: https://vitest.dev/guide/improving-performance#test-environments[22m

test_exit=0
$ npm run build
computing gzip size...
dist/index.html                   0.84 kB │ gzip:  0.52 kB
dist/assets/index-DoSv5bVs.css   14.56 kB │ gzip:  3.58 kB
dist/assets/index-CCGk2hmV.js   107.47 kB │ gzip: 37.73 kB

✓ built in 1.05s
build_exit=0
