  ok F1 signed-out shows auth links (d)
  ok F1 signed-out has no current-user (d)
  ok F1 signed-in no auth links on / (d)
  ok F1 signed-in current-user on / (d)
  ok F1 signed-in no auth links on /signup (d)
  ok F1 signed-in current-user on /signup (d)
  ok F1 signed-in no auth links on /login (d)
  ok F1 signed-in current-user on /login (d)
  ok F1 signed-in no auth links on /lookup (d)
  ok F1 signed-in current-user on /lookup (d)
  ok F1 logout restores auth links (d)
  ok F1 blank displayName still signed in (d)
  ok F1 blank displayName hides auth links (d)
  ok F1 no horizontal overflow signed-in 375 (d)
  ok F1 signed-out shows auth links (p)
  ok F1 signed-out has no current-user (p)
  ok F1 signed-in no auth links on / (p)
  ok F1 signed-in current-user on / (p)
  ok F1 signed-in no auth links on /signup (p)
  ok F1 signed-in current-user on /signup (p)
  ok F1 signed-in no auth links on /login (p)
  ok F1 signed-in current-user on /login (p)
  ok F1 signed-in no auth links on /lookup (p)
  ok F1 signed-in current-user on /lookup (p)
  ok F1 logout restores auth links (p)
  ok F1 blank displayName still signed in (p)
  ok F1 blank displayName hides auth links (p)
  ok F1 no horizontal overflow signed-in 375 (p)
  ok F2 search reveals caption (d)
  ok F2 actionable available cells visible after search (d)
  ok F2 search caused app reveal scroll (d)
  ok F2 floor retained in view (d)
  ok F2 keyboard selection reveals form heading (d)
  ok F2 party input visible (d)
  ok F2 submit visible (d)
  ok F2 confirmation fully visible (d)
  ok F2 confirmation reference readable (d)
  ok F2 form remains after confirmation (d)
  ok F2 party typing does not hijack scroll (d)
  ok F2 409 error visible (d)
  ok F2 409 does not re-reveal results upward (d)
  ok F2 409 preserves form+inputs (d)
  ok F2 409 no confirmation (d)
  ok F2 uncertain visible (d)
  ok F2 retry confirmation fully visible (d)
  ok F2 empty state fully visible (d)
  ok F2 search reveals caption (p)
  ok F2 actionable available cells visible after search (p)
  ok F2 search caused app reveal scroll (p)
  ok F2 floor retained in view (p)
  ok F2 keyboard selection reveals form heading (p)
  ok F2 party input visible (p)
  ok F2 submit visible (p)
  ok F2 confirmation fully visible (p)
  ok F2 confirmation reference readable (p)
  ok F2 form remains after confirmation (p)
  ok F2 party typing does not hijack scroll (p)
  ok F2 409 error visible (p)
  ok F2 409 does not re-reveal results upward (p)
  ok F2 409 preserves form+inputs (p)
  ok F2 409 no confirmation (p)
  ok F2 uncertain visible (p)
  ok F2 retry confirmation fully visible (p)
  ok F2 empty state fully visible (p)
  ok F2 search reveals caption (p812)
  ok F2 actionable available cells visible after search (p812)
  ok F2 search caused app reveal scroll (p812)
  ok F2 floor retained in view (p812)
  ok F2 keyboard selection reveals form heading (p812)
  ok F2 party input visible (p812)
  ok F2 submit visible (p812)
  ok F2 confirmation fully visible (p812)
  ok F2 confirmation reference readable (p812)
  ok F2 form remains after confirmation (p812)
  ok F2 party typing does not hijack scroll (p812)
  ok F2 409 error visible (p812)
  ok F2 409 does not re-reveal results upward (p812)
  ok F2 409 preserves form+inputs (p812)
  ok F2 409 no confirmation (p812)
  ok F2 uncertain visible (p812)
  ok F2 retry confirmation fully visible (p812)
  ok F2 empty state fully visible (p812)
  ok F2 late A does not scroll or replace B grid
  ok F2 reduced motion: reveal applied immediately
  ok F2 reduced motion: selected attribute immediate
  ok F3 one wrapped human name per table, no duplicate caption (d-light)
  ok F3 plate font >=13px (d-light)
  ok F3 seat metadata present at 16px (d-light)
  ok F3 plate names fit table tops (d-light)
  ok F3 accessible full names retained (d-light)
  ok F4 link layer before tops, badge after (d-light)
  ok F4 connector never slices label ink (d-light)
  ok F4 badge not occluded, inside svg (d-light)
  ok F4 badge mirrors selection (d-light)
  ok F3 one wrapped human name per table, no duplicate caption (d-dark)
  ok F3 plate font >=13px (d-dark)
  ok F3 seat metadata present at 16px (d-dark)
  ok F3 plate names fit table tops (d-dark)
  ok F3 accessible full names retained (d-dark)
  ok F4 link layer before tops, badge after (d-dark)
  ok F4 connector never slices label ink (d-dark)
  ok F4 badge not occluded, inside svg (d-dark)
  ok F4 badge mirrors selection (d-dark)
  ok F3 one wrapped human name per table, no duplicate caption (p-light)
  ok F3 plate font >=13px (p-light)
  ok F3 seat metadata present at 16px (p-light)
  ok F3 plate names fit table tops (p-light)
  ok F3 accessible full names retained (p-light)
  ok F4 link layer before tops, badge after (p-light)
  ok F4 connector never slices label ink (p-light)
  ok F4 badge not occluded, inside svg (p-light)
  ok F4 badge mirrors selection (p-light)
  ok F3 one wrapped human name per table, no duplicate caption (p-dark)
  ok F3 plate font >=13px (p-dark)
  ok F3 seat metadata present at 16px (p-dark)
  ok F3 plate names fit table tops (p-dark)
  ok F3 accessible full names retained (p-dark)
  ok F4 link layer before tops, badge after (p-dark)
  ok F4 connector never slices label ink (p-dark)
  ok F4 badge not occluded, inside svg (p-dark)
  ok F4 badge mirrors selection (p-dark)

CLOSURE RESULT pass=121 fail=0
