== health + content type ==
PASS health-200
PASS health-body
PASS health-ctype
PASS health-again
== reset fixture (pairs) ==
PASS reset-204
PASS reset-empty
== auth ==
PASS signup-201
PASS signup-token
PASS dup-409
PASS dup-code
PASS shortpw-422
PASS bademail-422
PASS emailtype-400
PASS login-200
PASS login-token
PASS login2-200
PASS tokens-distinct
PASS badpw-401
PASS badpw-code
PASS ghost-401
PASS login-missing-422
PASS noauth-401
PASS noauth-code
PASS badauth-401
PASS bogus-401
== public paths + unknown fields/params ==
PASS list-200
PASS list-shape
PASS list-extraparam-200
PASS detail-200
PASS detail-combinable
PASS detail-404
PASS detail-404-code
PASS avail-extraparam-200
== strict params ==
PASS avail-missing-422
PASS avail-party_size=1e9-422
PASS avail-party_size=4.0-422
PASS avail-party_size=+4-422
PASS avail-party_size=0-422
PASS avail-party_size=-2-422
PASS avail-baddate-422
PASS avail-datetime-422
PASS avail-norest-404
PASS closed-200
PASS closed-empty
== options on fresh state ==
PASS opt6-200
PASS opt6-singles-empty
PASS opt6-order-cap
== strict bodies ==
PASS single-create-201
PASS single-schema
PASS numeric-utc
PASS party-"2"-422
PASS party-true-422
PASS party-2.5-422
PASS party-0-422
PASS party--1-422
PASS party-null-422
PASS local-space-422
PASS local-sec-422
PASS tabletype-400
PASS create-norest-404
PASS create-notable-404
PASS unparse-400
PASS array-400
== pair selection matrix ==
PASS pair-both-422
PASS pair-both-code
PASS pair-empty-422
PASS pair-empty-code
PASS pair-dup-422
PASS pair-dup-code
PASS pair-three-422
PASS pair-three-code
PASS pair-undeclared-422
PASS pair-undeclared-code
PASS pair-unknown-404
PASS pair-unknown-code
PASS pair-foreign-404
PASS pair-foreign-code
PASS pair-ids-string-400
PASS pair-ids-string-code
PASS pair-member-number-400
PASS pair-member-number-code
PASS pair-id-array-400
PASS pair-id-array-code
PASS pair-missing-422
PASS pair-missing-code
PASS pair-overcap-422
PASS pair-overcap-code
PASS pair-offgrid-422
PASS pair-offgrid-code
PASS pair-outside-422
PASS pair-outside-code
PASS pair-reversed-201
PASS pair-reversed-canonical
PASS pair-fail-422
PASS pair-fail-code
PASS pair-fail-reuse-201
== seeds: pair confirmed + single cancelled ==
PASS seed-reset-204
PASS seed-login-200
PASS seed-token
PASS seedpair-lookup-200
PASS seedpair-schema
PASS seedavail-200
PASS seedpair-blocks
PASS fixture-restore-204
PASS relogin-200
PASS relogin-token
PASS boblogin-200
PASS bob-token
== adjacency + options ==
PASS adj-first-201
PASS adjacent-201
PASS overlap-409
PASS overlap-code
== DST gaps/folds + absolute duration ==
PASS dst-reset-204
PASS dst-login-200
PASS dst-token
PASS spring-grid-200
PASS spring-skip
PASS gap-422
PASS gap-code
PASS fall-grid-200
PASS fall-once
PASS fall-first
PASS fold-book-201
PASS absolute-duration
PASS fixture-restore2-204
PASS relogin2-200
PASS relogin2-token
PASS boblogin2-200
PASS bob2-token
== cutoff (past booking) ==
PASS past-reset-204
PASS past-login-200
PASS past-token
PASS past-cancel-409
PASS past-cancel-code
PASS past-patch-409
PASS fixture-restore3-204
PASS relogin3-200
PASS relogin3-token
PASS boblogin3-200
PASS bob3-token
== idempotency scopes ==
PASS nokey-400
PASS nokey-code
PASS emptykey-400
PASS longkey-422
PASS first-201
PASS replay-200
PASS replay-identical
PASS reuse-409
PASS reuse-code
PASS user-scope-201
PASS path-scope-422
PASS path-scope-valid-201
PASS path-scope-replay-200
PASS path-scope-identical
PASS fail-422
PASS fail-reuse-201
== replay after mutation ==
PASS cancel-c1-200
PASS replay-cancelled-200
PASS replay-immutable
== 50 same-key race ==
PASS race-1x201-49x200
PASS race-identical
== competing singles on one table ==
PASS competing-exactly-one
== pair PATCH retention ==
PASS pair-create-201
PASS pair-schema
PASS patch-empty-200
PASS patch-empty-identical
PASS patch-party-200
PASS patch-party-retain
PASS pre-reversal-200
PASS patch-reversed-200
PASS patch-reversed-identical
PASS patch-time-200
PASS patch-time-retain
PASS avail-oldslot-200
PASS oldslot-freed
PASS avail-newslot-200
PASS newslot-occupied
PASS patch-timeparty-200
PASS patch-timeparty-retain
PASS patch-both-422
== cancel releases both ==
PASS pair-cancel-200
PASS avail-fri-200
PASS cancel-frees-members
PASS cancel-frees-pair
== atomic moves ==
PASS moves-cancelled-409
PASS moves-cancelled-code
PASS mv-setup-a-201
PASS mv-setup-b-201
PASS swap-201
PASS swap-order
PASS swap-replay-200
PASS swap-replay-identical
PASS moves-unknown-404
PASS moves-dup-422
PASS moves-empty-422
PASS moves-badtable-404
PASS moves-order-404
PASS moves-rollback
PASS noop-201
PASS noop-replay-200
PASS mvfail-404
PASS mvfail-reuse-201
== pair batch retention (Friday) ==
PASS pb-pair-201
PASS pb-single-201
PASS pb-blocker-201
PASS pb-pre-200
PASS pb-shared-conflict-409
PASS pb-shared-conflict-code
PASS pb-post-200
PASS pb-rollback-records
PASS pb-key-reusable-201
PASS pb-noop-201
PASS pb-cur-200
PASS pb-noop-identical
PASS pb-party-201
PASS pb-party-retain
PASS pb-time-201
PASS pb-time-retain
PASS pb-mix-201
PASS pb-mix-order
PASS pb-mix-schema
PASS pb-mix-replay-200
PASS pb-mix-identical
== export/import roundtrip smoke ==
PASS export-200
PASS export-envelope
PASS wipe-204
PASS import-204
PASS postimport-replay-200
PASS postimport-identical
PASS badimport-422
PASS afterbadimport-200

RESULT pass=231 fail=0
